--- Start BURT header
Time:      Fri May 15 16:57:50 2020
Login ID:  will ("",,,)
Eff  UID:  1000
Group ID:  1000
Keywords:  
Comments:  
Type:      Absolute
Directory: /home/will/code/pyburt
Req File: testables/req/array.req
--- End BURT header
SR-CS-SOFT-01:CHAR_ARR 8 x ! F " " \0 \0 \0 \0
SR-CS-SOFT-01:DOUBLE_ARR 8 -1.2300000000000000e+01 0.0000000000000000e+00 \0 \0 \0 \0 \0 \0
SR-CS-SOFT-01:FLOAT_ARR 8 4.320000e-01 -1.100000e+00 \0 \0 \0 \0 \0 \0
SR-CS-SOFT-01:LONG_ARR 8 1 2 3 \0 \0 \0 \0 \0
SR-CS-SOFT-01:STRING_ARR 8 three "blind mice" \0 \0 \0 \0 \0 \0
